
> finance-backend@1.0.0 test
> jest --detectOpenHandles

node.exe : FAIL src/
tests/transaction.te
st.js
At line:1 char:1
+ & "C:\Program File
s\nodejs/node.exe" 
"C:\Program Files\no
dejs/node_mo ...
+ ~~~~~~~~~~~~~~~~~~
~~~~~~~~~~~~~~~~~~~~
~~~~~~~~~~~~~~~~~~~~
~~~~~~~~~~~
    + CategoryInfo  
            : NotS  
  pecified: (FAIL   
  src/tests/tran    
saction.test.js    
:String) [], Re    
moteException
    + FullyQualifie 
   dErrorId : Nati  
  veCommandError
 
  ΓùÅ Console

    console.log
      
[dotenv@17.3.1] 
injecting env (4) 
from .env -- tip: 
≡ƒ¢í∩╕Å auth for 
agents: 
https://vestauth.com

      at _log (node_
modules/dotenv/lib/m
ain.js:139:11)

    console.error
      TypeError: 
Cannot read 
properties of 
undefined (reading 
'map')
          at map (C:
\Users\elias\OneDriv
e\Desktop\anti-copy-
app\finance-backend\
src\middleware\valid
ation.middleware.js:
14:27)
          at 
Layer.handleRequest 
(C:\Users\elias\OneD
rive\Desktop\anti-co
py-app\finance-backe
nd\node_modules\rout
er\lib\layer.js:152:
17)
          at next (C
:\Users\elias\OneDri
ve\Desktop\anti-copy
-app\finance-backend
\node_modules\router
\lib\route.js:157:13
)
          at 
Route.dispatch (C:\U
sers\elias\OneDrive\
Desktop\anti-copy-ap
p\finance-backend\no
de_modules\router\li
b\route.js:117:3)
          at handle 
(C:\Users\elias\OneD
rive\Desktop\anti-co
py-app\finance-backe
nd\node_modules\rout
er\index.js:435:11)
          at 
Layer.handleRequest 
(C:\Users\elias\OneD
rive\Desktop\anti-co
py-app\finance-backe
nd\node_modules\rout
er\lib\layer.js:152:
17)
          at C:\User
s\elias\OneDrive\Des
ktop\anti-copy-app\f
inance-backend\node_
modules\router\index
.js:295:15
          at 
processParams (C:\Us
ers\elias\OneDrive\D
esktop\anti-copy-app
\finance-backend\nod
e_modules\router\ind
ex.js:582:12)
          at next (C
:\Users\elias\OneDri
ve\Desktop\anti-copy
-app\finance-backend
\node_modules\router
\index.js:291:5)
          at next (C
:\Users\elias\OneDri
ve\Desktop\anti-copy
-app\finance-backend
\src\middleware\auth
.middleware.js:16:5)
          at 
Layer.handleRequest 
(C:\Users\elias\OneD
rive\Desktop\anti-co
py-app\finance-backe
nd\node_modules\rout
er\lib\layer.js:152:
17)
          at 
trimPrefix (C:\Users
\elias\OneDrive\Desk
top\anti-copy-app\fi
nance-backend\node_m
odules\router\index.
js:342:13)
          at C:\User
s\elias\OneDrive\Des
ktop\anti-copy-app\f
inance-backend\node_
modules\router\index
.js:297:9
          at 
processParams (C:\Us
ers\elias\OneDrive\D
esktop\anti-copy-app
\finance-backend\nod
e_modules\router\ind
ex.js:582:12)
          at next (C
:\Users\elias\OneDri
ve\Desktop\anti-copy
-app\finance-backend
\node_modules\router
\index.js:291:5)
          at 
router.handle (C:\Us
ers\elias\OneDrive\D
esktop\anti-copy-app
\finance-backend\nod
e_modules\router\ind
ex.js:186:3)
          at router 
(C:\Users\elias\OneD
rive\Desktop\anti-co
py-app\finance-backe
nd\node_modules\rout
er\index.js:60:12)
          at 
Layer.handleRequest 
(C:\Users\elias\OneD
rive\Desktop\anti-co
py-app\finance-backe
nd\node_modules\rout
er\lib\layer.js:152:
17)
          at 
trimPrefix (C:\Users
\elias\OneDrive\Desk
top\anti-copy-app\fi
nance-backend\node_m
odules\router\index.
js:342:13)
          at C:\User
s\elias\OneDrive\Des
ktop\anti-copy-app\f
inance-backend\node_
modules\router\index
.js:297:9
          at 
processParams (C:\Us
ers\elias\OneDrive\D
esktop\anti-copy-app
\finance-backend\nod
e_modules\router\ind
ex.js:582:12)
          at next (C
:\Users\elias\OneDri
ve\Desktop\anti-copy
-app\finance-backend
\node_modules\router
\index.js:291:5)
          at C:\User
s\elias\OneDrive\Des
ktop\anti-copy-app\f
inance-backend\node_
modules\router\index
.js:688:15
          at next (C
:\Users\elias\OneDri
ve\Desktop\anti-copy
-app\finance-backend
\node_modules\router
\index.js:276:14)
          at 
router.handle (C:\Us
ers\elias\OneDrive\D
esktop\anti-copy-app
\finance-backend\nod
e_modules\router\ind
ex.js:186:3)
          at router 
(C:\Users\elias\OneD
rive\Desktop\anti-co
py-app\finance-backe
nd\node_modules\rout
er\index.js:60:12)
          at 
Layer.handleRequest 
(C:\Users\elias\OneD
rive\Desktop\anti-co
py-app\finance-backe
nd\node_modules\rout
er\lib\layer.js:152:
17)
          at 
trimPrefix (C:\Users
\elias\OneDrive\Desk
top\anti-copy-app\fi
nance-backend\node_m
odules\router\index.
js:342:13)
          at C:\User
s\elias\OneDrive\Des
ktop\anti-copy-app\f
inance-backend\node_
modules\router\index
.js:297:9
          at 
processParams (C:\Us
ers\elias\OneDrive\D
esktop\anti-copy-app
\finance-backend\nod
e_modules\router\ind
ex.js:582:12)
          at next (C
:\Users\elias\OneDri
ve\Desktop\anti-copy
-app\finance-backend
\node_modules\router
\index.js:291:5)
          at C:\User
s\elias\OneDrive\Des
ktop\anti-copy-app\f
inance-backend\node_
modules\express-rate
-limit\dist\index.cj
s:947:7
          at process
TicksAndRejections (
node:internal/proces
s/task_queues:104:5)
          at C:\User
s\elias\OneDrive\Des
ktop\anti-copy-app\f
inance-backend\node_
modules\express-rate
-limit\dist\index.cj
s:830:5

    [0m [90m 52 
|[39m [90m// 
Global Error 
Handler[39m
     [90m 53 
|[39m app[33m.[39
muse((err[33m,[39m
 req[33m,[39m 
res[33m,[39m 
next) [33m=>[39m {
    [31m[1m>[22m
[39m[90m 54 |[39m 
  console[33m.[39m
error(err[33m.[39m
stack)[33m;[39m
     [90m    
|[39m           
[31m[1m^[22m[39m
     [90m 55 
|[39m   res[33m.[
39mstatus([35m500[
39m)[33m.[39mjson(
{ error[33m:[39m 
[32m"Something 
broke down on the 
server!"[39m 
})[33m;[39m
     [90m 56 
|[39m })[33m;[39m
     [90m 57 
|[39m[0m

      at error 
(server.js:54:11)
      at 
Layer.handleError (n
ode_modules/router/l
ib/layer.js:116:17)
      at trimPrefix 
(node_modules/router
/index.js:340:13)
      at node_module
s/router/index.js:29
7:9
      at 
processParams (node_
modules/router/index
.js:582:12)
      at next (node_
modules/router/index
.js:291:5)
      at node_module
s/router/index.js:68
8:15
      at next (node_
modules/router/index
.js:276:14)
      at next (node_
modules/router/lib/r
oute.js:132:14)
      at 
Layer.handleError (n
ode_modules/router/l
ib/layer.js:111:12)
      at next (node_
modules/router/lib/r
oute.js:155:13)
      at 
Layer.handleRequest 
(node_modules/router
/lib/layer.js:165:5)
      at next (node_
modules/router/lib/r
oute.js:157:13)
      at 
Route.dispatch (node
_modules/router/lib/
route.js:117:3)
      at handle (nod
e_modules/router/ind
ex.js:435:11)
      at 
Layer.handleRequest 
(node_modules/router
/lib/layer.js:152:17
)
      at node_module
s/router/index.js:29
5:15
      at 
processParams (node_
modules/router/index
.js:582:12)
      at next (node_
modules/router/index
.js:291:5)
      at next (src/m
iddleware/auth.middl
eware.js:16:5)
      at 
Layer.handleRequest 
(node_modules/router
/lib/layer.js:152:17
)
      at trimPrefix 
(node_modules/router
/index.js:342:13)
      at node_module
s/router/index.js:29
7:9
      at 
processParams (node_
modules/router/index
.js:582:12)
      at next (node_
modules/router/index
.js:291:5)
      at 
router.handle (node_
modules/router/index
.js:186:3)
      at router (nod
e_modules/router/ind
ex.js:60:12)
      at 
Layer.handleRequest 
(node_modules/router
/lib/layer.js:152:17
)
      at trimPrefix 
(node_modules/router
/index.js:342:13)
      at node_module
s/router/index.js:29
7:9
      at 
processParams (node_
modules/router/index
.js:582:12)
      at next (node_
modules/router/index
.js:291:5)
      at node_module
s/router/index.js:68
8:15
      at next (node_
modules/router/index
.js:276:14)
      at 
router.handle (node_
modules/router/index
.js:186:3)
      at router (nod
e_modules/router/ind
ex.js:60:12)
      at 
Layer.handleRequest 
(node_modules/router
/lib/layer.js:152:17
)
      at trimPrefix 
(node_modules/router
/index.js:342:13)
      at node_module
s/router/index.js:29
7:9
      at 
processParams (node_
modules/router/index
.js:582:12)
      at next (node_
modules/router/index
.js:291:5)
      at node_module
s/express-rate-limit
/dist/index.cjs:947:
7
      at node_module
s/express-rate-limit
/dist/index.cjs:830:
5

    console.error
      TypeError: 
Cannot read 
properties of 
undefined (reading 
'map')
          at map (C:
\Users\elias\OneDriv
e\Desktop\anti-copy-
app\finance-backend\
src\middleware\valid
ation.middleware.js:
14:27)
          at 
Layer.handleRequest 
(C:\Users\elias\OneD
rive\Desktop\anti-co
py-app\finance-backe
nd\node_modules\rout
er\lib\layer.js:152:
17)
          at next (C
:\Users\elias\OneDri
ve\Desktop\anti-copy
-app\finance-backend
\node_modules\router
\lib\route.js:157:13
)
          at 
Route.dispatch (C:\U
sers\elias\OneDrive\
Desktop\anti-copy-ap
p\finance-backend\no
de_modules\router\li
b\route.js:117:3)
          at handle 
(C:\Users\elias\OneD
rive\Desktop\anti-co
py-app\finance-backe
nd\node_modules\rout
er\index.js:435:11)
          at 
Layer.handleRequest 
(C:\Users\elias\OneD
rive\Desktop\anti-co
py-app\finance-backe
nd\node_modules\rout
er\lib\layer.js:152:
17)
          at C:\User
s\elias\OneDrive\Des
ktop\anti-copy-app\f
inance-backend\node_
modules\router\index
.js:295:15
          at 
processParams (C:\Us
ers\elias\OneDrive\D
esktop\anti-copy-app
\finance-backend\nod
e_modules\router\ind
ex.js:582:12)
          at next (C
:\Users\elias\OneDri
ve\Desktop\anti-copy
-app\finance-backend
\node_modules\router
\index.js:291:5)
          at next (C
:\Users\elias\OneDri
ve\Desktop\anti-copy
-app\finance-backend
\src\middleware\auth
.middleware.js:16:5)
          at 
Layer.handleRequest 
(C:\Users\elias\OneD
rive\Desktop\anti-co
py-app\finance-backe
nd\node_modules\rout
er\lib\layer.js:152:
17)
          at 
trimPrefix (C:\Users
\elias\OneDrive\Desk
top\anti-copy-app\fi
nance-backend\node_m
odules\router\index.
js:342:13)
          at C:\User
s\elias\OneDrive\Des
ktop\anti-copy-app\f
inance-backend\node_
modules\router\index
.js:297:9
          at 
processParams (C:\Us
ers\elias\OneDrive\D
esktop\anti-copy-app
\finance-backend\nod
e_modules\router\ind
ex.js:582:12)
          at next (C
:\Users\elias\OneDri
ve\Desktop\anti-copy
-app\finance-backend
\node_modules\router
\index.js:291:5)
          at 
router.handle (C:\Us
ers\elias\OneDrive\D
esktop\anti-copy-app
\finance-backend\nod
e_modules\router\ind
ex.js:186:3)
          at router 
(C:\Users\elias\OneD
rive\Desktop\anti-co
py-app\finance-backe
nd\node_modules\rout
er\index.js:60:12)
          at 
Layer.handleRequest 
(C:\Users\elias\OneD
rive\Desktop\anti-co
py-app\finance-backe
nd\node_modules\rout
er\lib\layer.js:152:
17)
          at 
trimPrefix (C:\Users
\elias\OneDrive\Desk
top\anti-copy-app\fi
nance-backend\node_m
odules\router\index.
js:342:13)
          at C:\User
s\elias\OneDrive\Des
ktop\anti-copy-app\f
inance-backend\node_
modules\router\index
.js:297:9
          at 
processParams (C:\Us
ers\elias\OneDrive\D
esktop\anti-copy-app
\finance-backend\nod
e_modules\router\ind
ex.js:582:12)
          at next (C
:\Users\elias\OneDri
ve\Desktop\anti-copy
-app\finance-backend
\node_modules\router
\index.js:291:5)
          at C:\User
s\elias\OneDrive\Des
ktop\anti-copy-app\f
inance-backend\node_
modules\router\index
.js:688:15
          at next (C
:\Users\elias\OneDri
ve\Desktop\anti-copy
-app\finance-backend
\node_modules\router
\index.js:276:14)
          at 
router.handle (C:\Us
ers\elias\OneDrive\D
esktop\anti-copy-app
\finance-backend\nod
e_modules\router\ind
ex.js:186:3)
          at router 
(C:\Users\elias\OneD
rive\Desktop\anti-co
py-app\finance-backe
nd\node_modules\rout
er\index.js:60:12)
          at 
Layer.handleRequest 
(C:\Users\elias\OneD
rive\Desktop\anti-co
py-app\finance-backe
nd\node_modules\rout
er\lib\layer.js:152:
17)
          at 
trimPrefix (C:\Users
\elias\OneDrive\Desk
top\anti-copy-app\fi
nance-backend\node_m
odules\router\index.
js:342:13)
          at C:\User
s\elias\OneDrive\Des
ktop\anti-copy-app\f
inance-backend\node_
modules\router\index
.js:297:9
          at 
processParams (C:\Us
ers\elias\OneDrive\D
esktop\anti-copy-app
\finance-backend\nod
e_modules\router\ind
ex.js:582:12)
          at next (C
:\Users\elias\OneDri
ve\Desktop\anti-copy
-app\finance-backend
\node_modules\router
\index.js:291:5)
          at C:\User
s\elias\OneDrive\Des
ktop\anti-copy-app\f
inance-backend\node_
modules\express-rate
-limit\dist\index.cj
s:947:7
          at process
TicksAndRejections (
node:internal/proces
s/task_queues:104:5)
          at C:\User
s\elias\OneDrive\Des
ktop\anti-copy-app\f
inance-backend\node_
modules\express-rate
-limit\dist\index.cj
s:830:5

    [0m [90m 52 
|[39m [90m// 
Global Error 
Handler[39m
     [90m 53 
|[39m app[33m.[39
muse((err[33m,[39m
 req[33m,[39m 
res[33m,[39m 
next) [33m=>[39m {
    [31m[1m>[22m
[39m[90m 54 |[39m 
  console[33m.[39m
error(err[33m.[39m
stack)[33m;[39m
     [90m    
|[39m           
[31m[1m^[22m[39m
     [90m 55 
|[39m   res[33m.[
39mstatus([35m500[
39m)[33m.[39mjson(
{ error[33m:[39m 
[32m"Something 
broke down on the 
server!"[39m 
})[33m;[39m
     [90m 56 
|[39m })[33m;[39m
     [90m 57 
|[39m[0m

      at error 
(server.js:54:11)
      at 
Layer.handleError (n
ode_modules/router/l
ib/layer.js:116:17)
      at trimPrefix 
(node_modules/router
/index.js:340:13)
      at node_module
s/router/index.js:29
7:9
      at 
processParams (node_
modules/router/index
.js:582:12)
      at next (node_
modules/router/index
.js:291:5)
      at node_module
s/router/index.js:68
8:15
      at next (node_
modules/router/index
.js:276:14)
      at next (node_
modules/router/lib/r
oute.js:132:14)
      at 
Layer.handleError (n
ode_modules/router/l
ib/layer.js:111:12)
      at next (node_
modules/router/lib/r
oute.js:155:13)
      at 
Layer.handleRequest 
(node_modules/router
/lib/layer.js:165:5)
      at next (node_
modules/router/lib/r
oute.js:157:13)
      at 
Route.dispatch (node
_modules/router/lib/
route.js:117:3)
      at handle (nod
e_modules/router/ind
ex.js:435:11)
      at 
Layer.handleRequest 
(node_modules/router
/lib/layer.js:152:17
)
      at node_module
s/router/index.js:29
5:15
      at 
processParams (node_
modules/router/index
.js:582:12)
      at next (node_
modules/router/index
.js:291:5)
      at next (src/m
iddleware/auth.middl
eware.js:16:5)
      at 
Layer.handleRequest 
(node_modules/router
/lib/layer.js:152:17
)
      at trimPrefix 
(node_modules/router
/index.js:342:13)
      at node_module
s/router/index.js:29
7:9
      at 
processParams (node_
modules/router/index
.js:582:12)
      at next (node_
modules/router/index
.js:291:5)
      at 
router.handle (node_
modules/router/index
.js:186:3)
      at router (nod
e_modules/router/ind
ex.js:60:12)
      at 
Layer.handleRequest 
(node_modules/router
/lib/layer.js:152:17
)
      at trimPrefix 
(node_modules/router
/index.js:342:13)
      at node_module
s/router/index.js:29
7:9
      at 
processParams (node_
modules/router/index
.js:582:12)
      at next (node_
modules/router/index
.js:291:5)
      at node_module
s/router/index.js:68
8:15
      at next (node_
modules/router/index
.js:276:14)
      at 
router.handle (node_
modules/router/index
.js:186:3)
      at router (nod
e_modules/router/ind
ex.js:60:12)
      at 
Layer.handleRequest 
(node_modules/router
/lib/layer.js:152:17
)
      at trimPrefix 
(node_modules/router
/index.js:342:13)
      at node_module
s/router/index.js:29
7:9
      at 
processParams (node_
modules/router/index
.js:582:12)
      at next (node_
modules/router/index
.js:291:5)
      at node_module
s/express-rate-limit
/dist/index.cjs:947:
7
      at node_module
s/express-rate-limit
/dist/index.cjs:830:
5

    console.error
      TypeError: 
Cannot read 
properties of 
undefined (reading 
'rows')
          at rows (C
:\Users\elias\OneDri
ve\Desktop\anti-copy
-app\finance-backend
\src\controllers\tra
nsactionController.j
s:78:45)
          at process
TicksAndRejections (
node:internal/proces
s/task_queues:104:5)

    [0m [90m 85 
|[39m     
})[33m;[39m
     [90m 86 
|[39m   } 
[36mcatch[39m 
(error) {
    [31m[1m>[22m
[39m[90m 87 |[39m 
    console[33m.[3
9merror(error)[33m;
[39m
     [90m    
|[39m             
[31m[1m^[22m[39m
     [90m 88 
|[39m     res[33m.
[39mstatus([35m500
[39m)[33m.[39mjso
n({ 
error[33m:[39m 
[32m"Internal 
server error"[39m 
})[33m;[39m
     [90m 89 
|[39m   }
     [90m 90 
|[39m 
}[33m;[39m[0m

      at error (src/
controllers/transact
ionController.js:87:
13)

  ΓùÅ Transaction 
Endpoints ΓÇ║ 
should create a 
transaction 
successfully

    expect(received)
.toBe(expected) // 
Object.is equality

    Expected: 200
    Received: 500

    [0m [90m 40 
|[39m       [33m.
[39msend(newTx)[33m
;[39m
     [90m 41 |[39m
    [31m[1m>[22m
[39m[90m 42 |[39m 
    expect(res[33m.
[39mstatusCode)[33
m.[39mtoBe([35m200
[39m)[33m;[39m
     [90m    
|[39m              
              
[31m[1m^[22m[39m
     [90m 43 
|[39m     expect(re
s[33m.[39mbody[33
m.[39mmessage)[33m
.[39mtoBe([32m"Tra
nsaction created"[3
9m)[33m;[39m
     [90m 44 
|[39m     expect(re
s[33m.[39mbody[33
m.[39mtransaction[
33m.[39mamount)[33
m.[39mtoBe([35m50.
5[39m)[33m;[39m
     [90m 45 
|[39m   
})[33m;[39m[0m

      at 
Object.toBe (src/tes
ts/transaction.test.
js:42:28)

  ΓùÅ Transaction 
Endpoints ΓÇ║ 
should reject 
creation if missing 
fields

    expect(received)
.toBe(expected) // 
Object.is equality

    Expected: 400
    Received: 500

    [0m [90m 51 
|[39m       
[33m.[39msend({ 
type[33m:[39m 
[32m"expense"[39m 
})[33m;[39m 
[90m// missing 
amount/category[39m
     [90m 52 |[39m
    [31m[1m>[22m
[39m[90m 53 |[39m 
    expect(res[33m.
[39mstatusCode)[33
m.[39mtoBe([35m400
[39m)[33m;[39m
     [90m    
|[39m              
              
[31m[1m^[22m[39m
     [90m 54 
|[39m     expect(re
s[33m.[39mbody[33
m.[39merror)[33m.
[39mtoBe([32m"Valid
ation failed"[39m)
[33m;[39m
     [90m 55 
|[39m     expect(re
s[33m.[39mbody[33
m.[39mdetails)[33m
.[39mtoBeDefined()
[33m;[39m
     [90m 56 
|[39m   
})[33m;[39m[0m

      at 
Object.toBe (src/tes
ts/transaction.test.
js:53:28)

  ΓùÅ Transaction 
Endpoints ΓÇ║ 
should get 
transactions for 
user

    expect(received)
.toBe(expected) // 
Object.is equality

    Expected: 200
    Received: 500

    [0m [90m 64 
|[39m       [33m.
[39m[36mset[39m([
32m"Authorization"[
39m[33m,[39m 
[32m`Bearer ${token
}`[39m)[33m;[39m
     [90m 65 |[39m
    [31m[1m>[22m
[39m[90m 66 |[39m 
    expect(res[33m.
[39mstatusCode)[33
m.[39mtoBe([35m200
[39m)[33m;[39m
     [90m    
|[39m              
              
[31m[1m^[22m[39m
     [90m 67 
|[39m     expect(re
s[33m.[39mbody[33
m.[39mlength)[33m.
[39mtoBe([35m2[39
m)[33m;[39m
     [90m 68 
|[39m   
})[33m;[39m
     [90m 69 
|[39m[0m

      at 
Object.toBe (src/tes
ts/transaction.test.
js:66:28)

FAIL src/tests/auth.
test.js
  ΓùÅ Console

    console.log
      
[dotenv@17.3.1] 
injecting env (4) 
from .env -- tip: 
ΓÜÖ∩╕Å  override 
existing env vars 
with { override: 
true }

      at _log (node_
modules/dotenv/lib/m
ain.js:139:11)

    console.error
      TypeError: 
Cannot read 
properties of 
undefined (reading 
'map')
          at map (C:
\Users\elias\OneDriv
e\Desktop\anti-copy-
app\finance-backend\
src\middleware\valid
ation.middleware.js:
14:27)
          at 
Layer.handleRequest 
(C:\Users\elias\OneD
rive\Desktop\anti-co
py-app\finance-backe
nd\node_modules\rout
er\lib\layer.js:152:
17)
          at next (C
:\Users\elias\OneDri
ve\Desktop\anti-copy
-app\finance-backend
\node_modules\router
\lib\route.js:157:13
)
          at 
Route.dispatch (C:\U
sers\elias\OneDrive\
Desktop\anti-copy-ap
p\finance-backend\no
de_modules\router\li
b\route.js:117:3)
          at handle 
(C:\Users\elias\OneD
rive\Desktop\anti-co
py-app\finance-backe
nd\node_modules\rout
er\index.js:435:11)
          at 
Layer.handleRequest 
(C:\Users\elias\OneD
rive\Desktop\anti-co
py-app\finance-backe
nd\node_modules\rout
er\lib\layer.js:152:
17)
          at C:\User
s\elias\OneDrive\Des
ktop\anti-copy-app\f
inance-backend\node_
modules\router\index
.js:295:15
          at 
processParams (C:\Us
ers\elias\OneDrive\D
esktop\anti-copy-app
\finance-backend\nod
e_modules\router\ind
ex.js:582:12)
          at next (C
:\Users\elias\OneDri
ve\Desktop\anti-copy
-app\finance-backend
\node_modules\router
\index.js:291:5)
          at 
router.handle (C:\Us
ers\elias\OneDrive\D
esktop\anti-copy-app
\finance-backend\nod
e_modules\router\ind
ex.js:186:3)
          at router 
(C:\Users\elias\OneD
rive\Desktop\anti-co
py-app\finance-backe
nd\node_modules\rout
er\index.js:60:12)
          at 
Layer.handleRequest 
(C:\Users\elias\OneD
rive\Desktop\anti-co
py-app\finance-backe
nd\node_modules\rout
er\lib\layer.js:152:
17)
          at 
trimPrefix (C:\Users
\elias\OneDrive\Desk
top\anti-copy-app\fi
nance-backend\node_m
odules\router\index.
js:342:13)
          at C:\User
s\elias\OneDrive\Des
ktop\anti-copy-app\f
inance-backend\node_
modules\router\index
.js:297:9
          at 
processParams (C:\Us
ers\elias\OneDrive\D
esktop\anti-copy-app
\finance-backend\nod
e_modules\router\ind
ex.js:582:12)
          at next (C
:\Users\elias\OneDri
ve\Desktop\anti-copy
-app\finance-backend
\node_modules\router
\index.js:291:5)
          at C:\User
s\elias\OneDrive\Des
ktop\anti-copy-app\f
inance-backend\node_
modules\express-rate
-limit\dist\index.cj
s:947:7
          at process
TicksAndRejections (
node:internal/proces
s/task_queues:104:5)
          at C:\User
s\elias\OneDrive\Des
ktop\anti-copy-app\f
inance-backend\node_
modules\express-rate
-limit\dist\index.cj
s:830:5

    [0m [90m 52 
|[39m [90m// 
Global Error 
Handler[39m
     [90m 53 
|[39m app[33m.[39
muse((err[33m,[39m
 req[33m,[39m 
res[33m,[39m 
next) [33m=>[39m {
    [31m[1m>[22m
[39m[90m 54 |[39m 
  console[33m.[39m
error(err[33m.[39m
stack)[33m;[39m
     [90m    
|[39m           
[31m[1m^[22m[39m
     [90m 55 
|[39m   res[33m.[
39mstatus([35m500[
39m)[33m.[39mjson(
{ error[33m:[39m 
[32m"Something 
broke down on the 
server!"[39m 
})[33m;[39m
     [90m 56 
|[39m })[33m;[39m
     [90m 57 
|[39m[0m

      at error 
(server.js:54:11)
      at 
Layer.handleError (n
ode_modules/router/l
ib/layer.js:116:17)
      at trimPrefix 
(node_modules/router
/index.js:340:13)
      at node_module
s/router/index.js:29
7:9
      at 
processParams (node_
modules/router/index
.js:582:12)
      at next (node_
modules/router/index
.js:291:5)
      at 
Layer.handleError (n
ode_modules/router/l
ib/layer.js:111:12)
      at trimPrefix 
(node_modules/router
/index.js:340:13)
      at node_module
s/router/index.js:29
7:9
      at 
processParams (node_
modules/router/index
.js:582:12)
      at next (node_
modules/router/index
.js:291:5)
      at node_module
s/router/index.js:68
8:15
      at next (node_
modules/router/index
.js:276:14)
      at next (node_
modules/router/lib/r
oute.js:132:14)
      at 
Layer.handleError (n
ode_modules/router/l
ib/layer.js:111:12)
      at next (node_
modules/router/lib/r
oute.js:155:13)
      at 
Layer.handleRequest 
(node_modules/router
/lib/layer.js:165:5)
      at next (node_
modules/router/lib/r
oute.js:157:13)
      at 
Route.dispatch (node
_modules/router/lib/
route.js:117:3)
      at handle (nod
e_modules/router/ind
ex.js:435:11)
      at 
Layer.handleRequest 
(node_modules/router
/lib/layer.js:152:17
)
      at node_module
s/router/index.js:29
5:15
      at 
processParams (node_
modules/router/index
.js:582:12)
      at next (node_
modules/router/index
.js:291:5)
      at 
router.handle (node_
modules/router/index
.js:186:3)
      at router (nod
e_modules/router/ind
ex.js:60:12)
      at 
Layer.handleRequest 
(node_modules/router
/lib/layer.js:152:17
)
      at trimPrefix 
(node_modules/router
/index.js:342:13)
      at node_module
s/router/index.js:29
7:9
      at 
processParams (node_
modules/router/index
.js:582:12)
      at next (node_
modules/router/index
.js:291:5)
      at node_module
s/express-rate-limit
/dist/index.cjs:947:
7
      at node_module
s/express-rate-limit
/dist/index.cjs:830:
5

    console.error
      Error: 
duplicate map
          at 
Object.<anonymous> (
C:\Users\elias\OneDr
ive\Desktop\anti-cop
y-app\finance-backen
d\src\tests\auth.tes
t.js:37:28)
          at Promise
.finally.completed (
C:\Users\elias\OneDr
ive\Desktop\anti-cop
y-app\finance-backen
d\node_modules\jest-
circus\build\jestAda
pterInit.js:1557:28)
          at new 
Promise 
(<anonymous>)
          at 
callAsyncCircusFn (C
:\Users\elias\OneDri
ve\Desktop\anti-copy
-app\finance-backend
\node_modules\jest-c
ircus\build\jestAdap
terInit.js:1497:10)
          at 
_callCircusTest (C:\
Users\elias\OneDrive
\Desktop\anti-copy-a
pp\finance-backend\n
ode_modules\jest-cir
cus\build\jestAdapte
rInit.js:1007:40)
          at process
TicksAndRejections (
node:internal/proces
s/task_queues:104:5)
          at 
_runTest (C:\Users\e
lias\OneDrive\Deskto
p\anti-copy-app\fina
nce-backend\node_mod
ules\jest-circus\bui
ld\jestAdapterInit.j
s:947:3)
          at C:\User
s\elias\OneDrive\Des
ktop\anti-copy-app\f
inance-backend\node_
modules\jest-circus\
build\jestAdapterIni
t.js:849:7
          at _runTes
tsForDescribeBlock (
C:\Users\elias\OneDr
ive\Desktop\anti-cop
y-app\finance-backen
d\node_modules\jest-
circus\build\jestAda
pterInit.js:862:11)
          at _runTes
tsForDescribeBlock (
C:\Users\elias\OneDr
ive\Desktop\anti-cop
y-app\finance-backen
d\node_modules\jest-
circus\build\jestAda
pterInit.js:857:11)
          at run (C:
\Users\elias\OneDriv
e\Desktop\anti-copy-
app\finance-backend\
node_modules\jest-ci
rcus\build\jestAdapt
erInit.js:761:3)
          at runAndT
ransformResultsToJes
tFormat (C:\Users\el
ias\OneDrive\Desktop
\anti-copy-app\finan
ce-backend\node_modu
les\jest-circus\buil
d\jestAdapterInit.js
:1918:21)
          at 
jestAdapter (C:\User
s\elias\OneDrive\Des
ktop\anti-copy-app\f
inance-backend\node_
modules\jest-circus\
build\runner.js:101:
19)
          at 
runTestInternal (C:\
Users\elias\OneDrive
\Desktop\anti-copy-a
pp\finance-backend\n
ode_modules\jest-run
ner\build\index.js:2
75:16)
          at 
runTest (C:\Users\el
ias\OneDrive\Desktop
\anti-copy-app\finan
ce-backend\node_modu
les\jest-runner\buil
d\index.js:343:7) {
        code: 
'23505'
      }

    [0m [90m 36 
|[39m     
})[33m;[39m
     [90m 37 
|[39m   } 
[36mcatch[39m 
(error) {
    [31m[1m>[22m
[39m[90m 38 |[39m 
    console[33m.[3
9merror(error)[33m;
[39m
     [90m    
|[39m             
[31m[1m^[22m[39m
     [90m 39 
|[39m     
[36mif[39m (error
[33m.[39mcode 
[33m===[39m 
[32m'23505'[39m) {
     [90m 40 
|[39m       
[36mreturn[39m res
[33m.[39mstatus([
35m400[39m)[33m.[
39mjson({ 
error[33m:[39m 
[32m"Email is 
already 
registered"[39m 
})[33m;[39m
     [90m 41 
|[39m     }[0m

      at error (src/
controllers/authCont
roller.js:38:13)

  ΓùÅ Auth 
Endpoints ΓÇ║ 
should block 
registration if 
email/password 
missing

    expect(received)
.toBe(expected) // 
Object.is equality

    Expected: 400
    Received: 500

    [0m [90m 15 
|[39m   
it([32m"should 
block registration 
if email/password mi
ssing"[39m[33m,[3
9m [36masync[39m 
() [33m=>[39m {
     [90m 16 
|[39m     
[36mconst[39m res 
[33m=[39m 
[36mawait[39m requ
est(app)[33m.[39mp
ost([32m"/api/regis
ter"[39m)[33m.[39
msend({ 
email[33m:[39m [3
2m"test@test.com"[3
9m })[33m;[39m
    [31m[1m>[22m
[39m[90m 17 |[39m 
    expect(res[33m.
[39mstatusCode)[33
m.[39mtoBe([35m400
[39m)[33m;[39m
     [90m    
|[39m              
              
[31m[1m^[22m[39m
     [90m 18 
|[39m     expect(re
s[33m.[39mbody[33
m.[39merror)[33m.
[39mtoBe([32m"Valid
ation failed"[39m)
[33m;[39m
     [90m 19 
|[39m     expect(re
s[33m.[39mbody[33
m.[39mdetails)[33m
.[39mtoBeDefined()
[33m;[39m
     [90m 20 
|[39m   
})[33m;[39m[0m

      at 
Object.toBe (src/tes
ts/auth.test.js:17:2
8)

  ΓùÅ Auth 
Endpoints ΓÇ║ 
should login a user 
successfully and 
return a token

    expect(received)
.toBeDefined()

    Received: 
undefined

    [0m [90m 61 
|[39m     expect(re
s[33m.[39mstatusCo
de)[33m.[39mtoBe(
[35m200[39m)[33m;
[39m
     [90m 62 
|[39m     expect(re
s[33m.[39mbody[33
m.[39mmessage)[33m
.[39mtoBe([32m"Log
in successful"[39m)
[33m;[39m
    [31m[1m>[22m
[39m[90m 63 |[39m 
    expect(res[33m.
[39mbody[33m.[39m
token)[33m.[39mtoB
eDefined()[33m;[39
m
     [90m    
|[39m              
              
[31m[1m^[22m[39m
     [90m 64 
|[39m   
})[33m;[39m
     [90m 65 |[39m
     [90m 66 
|[39m   
it([32m"should 
reject login with 
wrong password"[39m
[33m,[39m 
[36masync[39m () 
[33m=>[39m {[0m

      at 
Object.toBeDefined (
src/tests/auth.test.
js:63:28)

PASS src/tests/categ
ories.test.js
  ΓùÅ Console

    console.log
      
[dotenv@17.3.1] 
injecting env (4) 
from .env -- tip: 
ΓÜÖ∩╕Å  write to 
custom object with 
{ processEnv: 
myObject }

      at _log (node_
modules/dotenv/lib/m
ain.js:139:11)


Test Suites: 2 
failed, 1 passed, 3 
total
Tests:       5 
failed, 8 passed, 
13 total
Snapshots:   0 total
Time:        4.932 
s, estimated 9 s
Ran all test suites.
